// Jest Snapshot v1, https://goo.gl/fbAQLP

exports[`renders correctly 1`] = `
<View
  style={
    Object {
      "alignItems": "center",
      "backgroundColor": "#fafafa",
      "flex": 1,
      "justifyContent": "center",
    }
  }
>
  <Text
    accessible={true}
    allowFontScaling={true}
    disabled={false}
    ellipsizeMode="tail"
    style={
      Object {
        "color": "#555",
        "fontSize": 18,
        "fontWeight": "300",
      }
    }
  >
    Archery Notes App
  </Text>
  <Text
    accessible={true}
    allowFontScaling={true}
    disabled={false}
    ellipsizeMode="tail"
    style={
      Object {
        "color": "#555",
        "fontSize": 18,
        "fontWeight": "300",
      }
    }
  >
    Version: 
    1
    , (Build: 
    1.1
    )
  </Text>
  <Text
    accessible={true}
    allowFontScaling={true}
    disabled={false}
    ellipsizeMode="tail"
    style={
      Object {
        "color": "#555",
        "fontSize": 18,
        "fontWeight": "300",
      }
    }
  >
    Built by Ben Lu
  </Text>
</View>
`;
