// Jest Snapshot v1, https://goo.gl/fbAQLP

exports[`renders correctly 1`] = `
<View
  style={
    Object {
      "backgroundColor": "white",
      "flex": 1,
      "paddingTop": 20,
    }
  }
>
  <View
    accessibilityComponentType={undefined}
    accessibilityLabel={undefined}
    accessibilityTraits={undefined}
    accessible={true}
    collapsable={undefined}
    hitSlop={undefined}
    isTVSelectable={true}
    nativeID={undefined}
    onLayout={undefined}
    onResponderGrant={[Function]}
    onResponderMove={[Function]}
    onResponderRelease={[Function]}
    onResponderTerminate={[Function]}
    onResponderTerminationRequest={[Function]}
    onStartShouldSetResponder={[Function]}
    style={
      Object {
        "alignItems": "center",
        "borderBottomWidth": 1,
        "borderColor": "#ddd",
        "flexDirection": "row",
        "marginLeft": 20,
        "marginRight": 20,
        "opacity": 1,
        "padding": 20,
        "paddingLeft": 40,
      }
    }
    testID={undefined}
    tvParallaxProperties={undefined}
  >
    <Text
      accessible={true}
      allowFontScaling={true}
      disabled={false}
      ellipsizeMode="tail"
      style={
        Object {
          "color": "#555",
          "fontSize": 20,
          "fontWeight": "300",
        }
      }
    >
      About
    </Text>
  </View>
</View>
`;
